2026-09-05 02:57:31,580 - freqtrade - INFO - freqtrade 2026.6
2026-09-05 02:57:31,813 - numexpr.utils - INFO - Note: NumExpr detected 28 cores but "NUMEXPR_MAX_THREADS" not set, so enforcing safe limit of 16.
2026-09-05 02:57:31,813 - numexpr.utils - INFO - NumExpr defaulting to 16 threads.
2026-09-05 02:57:33,957 - freqtrade.configuration.load_config - INFO - Using config: /freqtrade/user_data/config.json ...
2026-09-05 02:57:33,959 - freqtrade.configuration.configuration - INFO - Parameter --no-color detected ...
2026-09-05 02:57:33,961 - freqtrade.loggers - INFO - Logfile configured
2026-09-05 02:57:33,961 - freqtrade.loggers - INFO - Verbosity set to 0
2026-09-05 02:57:33,962 - freqtrade.configuration.configuration - INFO - Using max_open_trades: 20 ...
2026-09-05 02:57:33,962 - freqtrade.configuration.configuration - INFO - Parameter --fee detected, setting fee to: 0.0006 ...
2026-09-05 02:57:33,962 - freqtrade.configuration.configuration - INFO - Parameter --timerange detected: 20210101-20240630 ...
chown: changing ownership of '/freqtrade/user_data/data/binance/futures/AAVE_USDT_USDT-1d-futures.feather': Read-only file system
chown: changing ownership of '/freqtrade/user_data/data/binance/futures/AAVE_USDT_USDT-1h-funding_rate.feather': Read-only file system
chown: changing ownership of '/freqtrade/user_data/data/binance/futures/AAVE_USDT_USDT-1h-futures.feather': Read-only file system
chown: changing ownership of '/freqtrade/user_data/data/binance/futures/AAVE_USDT_USDT-1h-mark.feather': Read-only file system
chown: changing ownership of '/freqtrade/user_data/data/binance/futures/AAVE_USDT_USDT-30m-futures.feather': Read-only file system
chown: changing ownership of '/freqtrade/user_data/data/binance/futures/AAVE_USDT_USDT-4h-futures.feather': Read-only file system
chown: changing ownership of '/freqtrade/user_data/data/binance/futures/ADA_USDT_USDT-1d-futures.feather': Read-only file system
chown: changing ownership of '/freqtrade/user_data/data/binance/futures/ADA_USDT_USDT-1h-funding_rate.feather': Read-only file system
chown: changing ownership of '/freqtrade/user_data/data/binance/futures/ADA_USDT_USDT-1h-futures.feather': Read-only file system
chown: changing ownership of '/freqtrade/user_data/data/binance/futures/ADA_USDT_USDT-1h-mark.feather': Read-only file system
chown: changing ownership of '/freqtrade/user_data/data/binance/futures/ADA_USDT_USDT-30m-futures.feather': Read-only file system
chown: changing ownership of '/freqtrade/user_data/data/binance/futures/ADA_USDT_USDT-4h-futures.feather': Read-only file system
chown: changing ownership of '/freqtrade/user_data/data/binance/futures/ATOM_USDT_USDT-1d-futures.feather': Read-only file system
chown: changing ownership of '/freqtrade/user_data/data/binance/futures/ATOM_USDT_USDT-1h-funding_rate.feather': Read-only file system
chown: changing ownership of '/freqtrade/user_data/data/binance/futures/ATOM_USDT_USDT-1h-futures.feather': Read-only file system
chown: changing ownership of '/freqtrade/user_data/data/binance/futures/ATOM_USDT_USDT-1h-mark.feather': Read-only file system
chown: changing ownership of '/freqtrade/user_data/data/binance/futures/ATOM_USDT_USDT-30m-futures.feather': Read-only file system
chown: changing ownership of '/freqtrade/user_data/data/binance/futures/ATOM_USDT_USDT-4h-futures.feather': Read-only file system
chown: changing ownership of '/freqtrade/user_data/data/binance/futures/AVAX_USDT_USDT-1d-futures.feather': Read-only file system
chown: changing ownership of '/freqtrade/user_data/data/binance/futures/AVAX_USDT_USDT-1h-funding_rate.feather': Read-only file system
chown: changing ownership of '/freqtrade/user_data/data/binance/futures/AVAX_USDT_USDT-1h-futures.feather': Read-only file system
chown: changing ownership of '/freqtrade/user_data/data/binance/futures/AVAX_USDT_USDT-1h-mark.feather': Read-only file system
chown: changing ownership of '/freqtrade/user_data/data/binance/futures/AVAX_USDT_USDT-30m-futures.feather': Read-only file system
chown: changing ownership of '/freqtrade/user_data/data/binance/futures/AVAX_USDT_USDT-4h-futures.feather': Read-only file system
chown: changing ownership of '/freqtrade/user_data/data/binance/futures/BCH_USDT_USDT-1d-futures.feather': Read-only file system
chown: changing ownership of '/freqtrade/user_data/data/binance/futures/BCH_USDT_USDT-1h-funding_rate.feather': Read-only file system
chown: changing ownership of '/freqtrade/user_data/data/binance/futures/BCH_USDT_USDT-1h-futures.feather': Read-only file system
chown: changing ownership of '/freqtrade/user_data/data/binance/futures/BCH_USDT_USDT-1h-mark.feather': Read-only file system
chown: changing ownership of '/freqtrade/user_data/data/binance/futures/BCH_USDT_USDT-30m-futures.feather': Read-only file system
chown: changing ownership of '/freqtrade/user_data/data/binance/futures/BCH_USDT_USDT-4h-futures.feather': Read-only file system
chown: changing ownership of '/freqtrade/user_data/data/binance/futures/BNB_USDT_USDT-1d-futures.feather': Read-only file system
chown: changing ownership of '/freqtrade/user_data/data/binance/futures/BNB_USDT_USDT-1h-funding_rate.feather': Read-only file system
chown: changing ownership of '/freqtrade/user_data/data/binance/futures/BNB_USDT_USDT-1h-futures.feather': Read-only file system
chown: changing ownership of '/freqtrade/user_data/data/binance/futures/BNB_USDT_USDT-1h-mark.feather': Read-only file system
chown: changing ownership of '/freqtrade/user_data/data/binance/futures/BNB_USDT_USDT-30m-futures.feather': Read-only file system
chown: changing ownership of '/freqtrade/user_data/data/binance/futures/BNB_USDT_USDT-4h-futures.feather': Read-only file system
chown: changing ownership of '/freqtrade/user_data/data/binance/futures/BTC_USDT_USDT-1d-futures.feather': Read-only file system
chown: changing ownership of '/freqtrade/user_data/data/binance/futures/BTC_USDT_USDT-1h-funding_rate.feather': Read-only file system
chown: changing ownership of '/freqtrade/user_data/data/binance/futures/BTC_USDT_USDT-1h-futures.feather': Read-only file system
chown: changing ownership of '/freqtrade/user_data/data/binance/futures/BTC_USDT_USDT-1h-mark.feather': Read-only file system
chown: changing ownership of '/freqtrade/user_data/data/binance/futures/BTC_USDT_USDT-30m-futures.feather': Read-only file system
chown: changing ownership of '/freqtrade/user_data/data/binance/futures/BTC_USDT_USDT-4h-futures.feather': Read-only file system
chown: changing ownership of '/freqtrade/user_data/data/binance/futures/DOGE_USDT_USDT-1d-futures.feather': Read-only file system
chown: changing ownership of '/freqtrade/user_data/data/binance/futures/DOGE_USDT_USDT-1h-funding_rate.feather': Read-only file system
chown: changing ownership of '/freqtrade/user_data/data/binance/futures/DOGE_USDT_USDT-1h-futures.feather': Read-only file system
chown: changing ownership of '/freqtrade/user_data/data/binance/futures/DOGE_USDT_USDT-1h-mark.feather': Read-only file system
chown: changing ownership of '/freqtrade/user_data/data/binance/futures/DOGE_USDT_USDT-30m-futures.feather': Read-only file system
chown: changing ownership of '/freqtrade/user_data/data/binance/futures/DOGE_USDT_USDT-4h-futures.feather': Read-only file system
chown: changing ownership of '/freqtrade/user_data/data/binance/futures/DOT_USDT_USDT-1d-futures.feather': Read-only file system
chown: changing ownership of '/freqtrade/user_data/data/binance/futures/DOT_USDT_USDT-1h-funding_rate.feather': Read-only file system
chown: changing ownership of '/freqtrade/user_data/data/binance/futures/DOT_USDT_USDT-1h-futures.feather': Read-only file system
chown: changing ownership of '/freqtrade/user_data/data/binance/futures/DOT_USDT_USDT-1h-mark.feather': Read-only file system
chown: changing ownership of '/freqtrade/user_data/data/binance/futures/DOT_USDT_USDT-30m-futures.feather': Read-only file system
chown: changing ownership of '/freqtrade/user_data/data/binance/futures/DOT_USDT_USDT-4h-futures.feather': Read-only file system
chown: changing ownership of '/freqtrade/user_data/data/binance/futures/ETC_USDT_USDT-1d-futures.feather': Read-only file system
chown: changing ownership of '/freqtrade/user_data/data/binance/futures/ETC_USDT_USDT-1h-funding_rate.feather': Read-only file system
chown: changing ownership of '/freqtrade/user_data/data/binance/futures/ETC_USDT_USDT-1h-futures.feather': Read-only file system
chown: changing ownership of '/freqtrade/user_data/data/binance/futures/ETC_USDT_USDT-1h-mark.feather': Read-only file system
chown: changing ownership of '/freqtrade/user_data/data/binance/futures/ETC_USDT_USDT-30m-futures.feather': Read-only file system
chown: changing ownership of '/freqtrade/user_data/data/binance/futures/ETC_USDT_USDT-4h-futures.feather': Read-only file system
chown: changing ownership of '/freqtrade/user_data/data/binance/futures/ETH_USDT_USDT-1d-futures.feather': Read-only file system
chown: changing ownership of '/freqtrade/user_data/data/binance/futures/ETH_USDT_USDT-1h-funding_rate.feather': Read-only file system
chown: changing ownership of '/freqtrade/user_data/data/binance/futures/ETH_USDT_USDT-1h-futures.feather': Read-only file system
chown: changing ownership of '/freqtrade/user_data/data/binance/futures/ETH_USDT_USDT-1h-mark.feather': Read-only file system
chown: changing ownership of '/freqtrade/user_data/data/binance/futures/ETH_USDT_USDT-30m-futures.feather': Read-only file system
chown: changing ownership of '/freqtrade/user_data/data/binance/futures/ETH_USDT_USDT-4h-futures.feather': Read-only file system
chown: changing ownership of '/freqtrade/user_data/data/binance/futures/FIL_USDT_USDT-1d-futures.feather': Read-only file system
chown: changing ownership of '/freqtrade/user_data/data/binance/futures/FIL_USDT_USDT-1h-funding_rate.feather': Read-only file system
chown: changing ownership of '/freqtrade/user_data/data/binance/futures/FIL_USDT_USDT-1h-futures.feather': Read-only file system
chown: changing ownership of '/freqtrade/user_data/data/binance/futures/FIL_USDT_USDT-1h-mark.feather': Read-only file system
chown: changing ownership of '/freqtrade/user_data/data/binance/futures/FIL_USDT_USDT-30m-futures.feather': Read-only file system
chown: changing ownership of '/freqtrade/user_data/data/binance/futures/FIL_USDT_USDT-4h-futures.feather': Read-only file system
chown: changing ownership of '/freqtrade/user_data/data/binance/futures/LINK_USDT_USDT-1d-futures.feather': Read-only file system
chown: changing ownership of '/freqtrade/user_data/data/binance/futures/LINK_USDT_USDT-1h-funding_rate.feather': Read-only file system
chown: changing ownership of '/freqtrade/user_data/data/binance/futures/LINK_USDT_USDT-1h-futures.feather': Read-only file system
chown: changing ownership of '/freqtrade/user_data/data/binance/futures/LINK_USDT_USDT-1h-mark.feather': Read-only file system
chown: changing ownership of '/freqtrade/user_data/data/binance/futures/LINK_USDT_USDT-30m-futures.feather': Read-only file system
chown: changing ownership of '/freqtrade/user_data/data/binance/futures/LINK_USDT_USDT-4h-futures.feather': Read-only file system
chown: changing ownership of '/freqtrade/user_data/data/binance/futures/LTC_USDT_USDT-1d-futures.feather': Read-only file system
chown: changing ownership of '/freqtrade/user_data/data/binance/futures/LTC_USDT_USDT-1h-funding_rate.feather': Read-only file system
chown: changing ownership of '/freqtrade/user_data/data/binance/futures/LTC_USDT_USDT-1h-futures.feather': Read-only file system
chown: changing ownership of '/freqtrade/user_data/data/binance/futures/LTC_USDT_USDT-1h-mark.feather': Read-only file system
chown: changing ownership of '/freqtrade/user_data/data/binance/futures/LTC_USDT_USDT-30m-futures.feather': Read-only file system
chown: changing ownership of '/freqtrade/user_data/data/binance/futures/LTC_USDT_USDT-4h-futures.feather': Read-only file system
chown: changing ownership of '/freqtrade/user_data/data/binance/futures/NEAR_USDT_USDT-1d-futures.feather': Read-only file system
chown: changing ownership of '/freqtrade/user_data/data/binance/futures/NEAR_USDT_USDT-1h-funding_rate.feather': Read-only file system
chown: changing ownership of '/freqtrade/user_data/data/binance/futures/NEAR_USDT_USDT-1h-futures.feather': Read-only file system
chown: changing ownership of '/freqtrade/user_data/data/binance/futures/NEAR_USDT_USDT-1h-mark.feather': Read-only file system
chown: changing ownership of '/freqtrade/user_data/data/binance/futures/NEAR_USDT_USDT-30m-futures.feather': Read-only file system
chown: changing ownership of '/freqtrade/user_data/data/binance/futures/NEAR_USDT_USDT-4h-futures.feather': Read-only file system
chown: changing ownership of '/freqtrade/user_data/data/binance/futures/SOL_USDT_USDT-1d-futures.feather': Read-only file system
chown: changing ownership of '/freqtrade/user_data/data/binance/futures/SOL_USDT_USDT-1h-funding_rate.feather': Read-only file system
chown: changing ownership of '/freqtrade/user_data/data/binance/futures/SOL_USDT_USDT-1h-futures.feather': Read-only file system
chown: changing ownership of '/freqtrade/user_data/data/binance/futures/SOL_USDT_USDT-1h-mark.feather': Read-only file system
chown: changing ownership of '/freqtrade/user_data/data/binance/futures/SOL_USDT_USDT-30m-futures.feather': Read-only file system
chown: changing ownership of '/freqtrade/user_data/data/binance/futures/SOL_USDT_USDT-4h-futures.feather': Read-only file system
chown: changing ownership of '/freqtrade/user_data/data/binance/futures/TRX_USDT_USDT-1d-futures.feather': Read-only file system
chown: changing ownership of '/freqtrade/user_data/data/binance/futures/TRX_USDT_USDT-1h-funding_rate.feather': Read-only file system
chown: changing ownership of '/freqtrade/user_data/data/binance/futures/TRX_USDT_USDT-1h-futures.feather': Read-only file system
chown: changing ownership of '/freqtrade/user_data/data/binance/futures/TRX_USDT_USDT-1h-mark.feather': Read-only file system
chown: changing ownership of '/freqtrade/user_data/data/binance/futures/TRX_USDT_USDT-30m-futures.feather': Read-only file system
chown: changing ownership of '/freqtrade/user_data/data/binance/futures/TRX_USDT_USDT-4h-futures.feather': Read-only file system
chown: changing ownership of '/freqtrade/user_data/data/binance/futures/UNI_USDT_USDT-1d-futures.feather': Read-only file system
chown: changing ownership of '/freqtrade/user_data/data/binance/futures/UNI_USDT_USDT-1h-funding_rate.feather': Read-only file system
chown: changing ownership of '/freqtrade/user_data/data/binance/futures/UNI_USDT_USDT-1h-futures.feather': Read-only file system
chown: changing ownership of '/freqtrade/user_data/data/binance/futures/UNI_USDT_USDT-1h-mark.feather': Read-only file system
chown: changing ownership of '/freqtrade/user_data/data/binance/futures/UNI_USDT_USDT-30m-futures.feather': Read-only file system
chown: changing ownership of '/freqtrade/user_data/data/binance/futures/UNI_USDT_USDT-4h-futures.feather': Read-only file system
chown: changing ownership of '/freqtrade/user_data/data/binance/futures/XLM_USDT_USDT-1d-futures.feather': Read-only file system
chown: changing ownership of '/freqtrade/user_data/data/binance/futures/XLM_USDT_USDT-1h-funding_rate.feather': Read-only file system
chown: changing ownership of '/freqtrade/user_data/data/binance/futures/XLM_USDT_USDT-1h-futures.feather': Read-only file system
chown: changing ownership of '/freqtrade/user_data/data/binance/futures/XLM_USDT_USDT-1h-mark.feather': Read-only file system
chown: changing ownership of '/freqtrade/user_data/data/binance/futures/XLM_USDT_USDT-30m-futures.feather': Read-only file system
chown: changing ownership of '/freqtrade/user_data/data/binance/futures/XLM_USDT_USDT-4h-futures.feather': Read-only file system
chown: changing ownership of '/freqtrade/user_data/data/binance/futures/XRP_USDT_USDT-1d-futures.feather': Read-only file system
chown: changing ownership of '/freqtrade/user_data/data/binance/futures/XRP_USDT_USDT-1h-funding_rate.feather': Read-only file system
chown: changing ownership of '/freqtrade/user_data/data/binance/futures/XRP_USDT_USDT-1h-futures.feather': Read-only file system
chown: changing ownership of '/freqtrade/user_data/data/binance/futures/XRP_USDT_USDT-1h-mark.feather': Read-only file system
chown: changing ownership of '/freqtrade/user_data/data/binance/futures/XRP_USDT_USDT-30m-futures.feather': Read-only file system
chown: changing ownership of '/freqtrade/user_data/data/binance/futures/XRP_USDT_USDT-4h-futures.feather': Read-only file system
chown: changing ownership of '/freqtrade/user_data/data/binance/futures': Read-only file system
chown: changing ownership of '/freqtrade/user_data/data/binance': Read-only file system
chown: changing ownership of '/freqtrade/user_data/data': Read-only file system
2026-09-05 02:57:34,084 - freqtrade.configuration.directory_operations - WARNING - Could not chown /freqtrade/user_data
2026-09-05 02:57:34,092 - freqtrade.configuration.configuration - INFO - Using user-data directory: /freqtrade/user_data ...
2026-09-05 02:57:34,093 - freqtrade.configuration.configuration - INFO - Using data directory: /freqtrade/user_data/data/binance ...
2026-09-05 02:57:34,094 - freqtrade.configuration.configuration - INFO - Parameter --export detected: trades ...
2026-09-05 02:57:34,094 - freqtrade.configuration.configuration - INFO - Parameter --cache=none detected ...
2026-09-05 02:57:34,095 - freqtrade.configuration.configuration - INFO - Filter trades by timerange: 20210101-20240630
2026-09-05 02:57:34,096 - freqtrade.exchange.check_exchange - INFO - Checking exchange...
2026-09-05 02:57:34,102 - freqtrade.exchange.check_exchange - INFO - Exchange "binance" is officially supported by the Freqtrade development team.
2026-09-05 02:57:34,103 - freqtrade.configuration.configuration - INFO - Using pairlist from configuration.
2026-09-05 02:57:34,103 - freqtrade.configuration.config_validation - INFO - Validating configuration ...
2026-09-05 02:57:34,105 - freqtrade.commands.optimize_commands - INFO - Starting freqtrade in Backtesting mode
2026-09-05 02:57:34,106 - freqtrade.exchange.exchange - INFO - Instance is running with dry_run enabled
2026-09-05 02:57:34,106 - freqtrade.exchange.exchange - INFO - Using CCXT 4.5.61
2026-09-05 02:57:34,106 - freqtrade.exchange.exchange - INFO - Applying additional ccxt config: {'options': {'defaultType': 'swap'}}
2026-09-05 02:57:34,113 - freqtrade.exchange.exchange - INFO - Applying additional ccxt config: {'options': {'defaultType': 'swap'}}
2026-09-05 02:57:34,119 - freqtrade.exchange.exchange - INFO - Using Exchange "Binance"
2026-09-05 02:57:34,911 - freqtrade.resolvers.exchange_resolver - INFO - Using resolved exchange 'Binance'...
2026-09-05 02:57:34,920 - freqtrade.resolvers.iresolver - INFO - Using resolved strategy CodexCausalTrend from '/freqtrade/user_data/strategies/CodexCausalTrend.py'...
2026-09-05 02:57:34,921 - freqtrade.strategy.hyper - INFO - Loading parameters from file /freqtrade/user_data/strategies/CodexCausalTrend.json
2026-09-05 02:57:34,923 - freqtrade.resolvers.strategy_resolver - INFO - Override strategy 'stake_currency' with value from the configuration: USDT.
2026-09-05 02:57:34,923 - freqtrade.resolvers.strategy_resolver - INFO - Override strategy 'stake_amount' with value from the configuration: unlimited.
2026-09-05 02:57:34,923 - freqtrade.resolvers.strategy_resolver - INFO - Override strategy 'max_open_trades' with value from the configuration: 20.
2026-09-05 02:57:34,923 - freqtrade.resolvers.strategy_resolver - INFO - Strategy using minimal_roi: {'0': 100.0}
2026-09-05 02:57:34,923 - freqtrade.resolvers.strategy_resolver - INFO - Strategy using timeframe: 4h
2026-09-05 02:57:34,923 - freqtrade.resolvers.strategy_resolver - INFO - Strategy using stoploss: -0.1
2026-09-05 02:57:34,924 - freqtrade.resolvers.strategy_resolver - INFO - Strategy using trailing_stop: False
2026-09-05 02:57:34,924 - freqtrade.resolvers.strategy_resolver - INFO - Strategy using trailing_stop_positive_offset: 0.0
2026-09-05 02:57:34,924 - freqtrade.resolvers.strategy_resolver - INFO - Strategy using trailing_only_offset_is_reached: False
2026-09-05 02:57:34,924 - freqtrade.resolvers.strategy_resolver - INFO - Strategy using use_custom_stoploss: False
2026-09-05 02:57:34,924 - freqtrade.resolvers.strategy_resolver - INFO - Strategy using process_only_new_candles: True
2026-09-05 02:57:34,924 - freqtrade.resolvers.strategy_resolver - INFO - Strategy using order_types: {'entry': 'limit', 'exit': 'limit', 'stoploss': 'limit', 'stoploss_on_exchange': False, 
'stoploss_on_exchange_interval': 60}
2026-09-05 02:57:34,925 - freqtrade.resolvers.strategy_resolver - INFO - Strategy using order_time_in_force: {'entry': 'GTC', 'exit': 'GTC'}
2026-09-05 02:57:34,925 - freqtrade.resolvers.strategy_resolver - INFO - Strategy using stake_currency: USDT
2026-09-05 02:57:34,925 - freqtrade.resolvers.strategy_resolver - INFO - Strategy using stake_amount: unlimited
2026-09-05 02:57:34,925 - freqtrade.resolvers.strategy_resolver - INFO - Strategy using startup_candle_count: 182
2026-09-05 02:57:34,925 - freqtrade.resolvers.strategy_resolver - INFO - Strategy using use_exit_signal: True
2026-09-05 02:57:34,925 - freqtrade.resolvers.strategy_resolver - INFO - Strategy using exit_profit_only: False
2026-09-05 02:57:34,925 - freqtrade.resolvers.strategy_resolver - INFO - Strategy using ignore_roi_if_entry_signal: False
2026-09-05 02:57:34,926 - freqtrade.resolvers.strategy_resolver - INFO - Strategy using exit_profit_offset: 0.0
2026-09-05 02:57:34,926 - freqtrade.resolvers.strategy_resolver - INFO - Strategy using disable_dataframe_checks: False
2026-09-05 02:57:34,926 - freqtrade.resolvers.strategy_resolver - INFO - Strategy using ignore_buying_expired_candle_after: 0
2026-09-05 02:57:34,926 - freqtrade.resolvers.strategy_resolver - INFO - Strategy using position_adjustment_enable: False
2026-09-05 02:57:34,926 - freqtrade.resolvers.strategy_resolver - INFO - Strategy using max_entry_position_adjustment: -1
2026-09-05 02:57:34,926 - freqtrade.resolvers.strategy_resolver - INFO - Strategy using max_open_trades: 20
2026-09-05 02:57:34,926 - freqtrade.configuration.config_validation - INFO - Validating configuration ...
2026-09-05 02:57:34,932 - freqtrade.resolvers.iresolver - INFO - Using resolved pairlist StaticPairList from '/freqtrade/freqtrade/plugins/pairlist/StaticPairList.py'...
2026-09-05 02:57:34,948 - freqtrade.optimize.backtesting - INFO - Using fee 0.0600% from config.
2026-09-05 02:57:35,010 - freqtrade.data.history.datahandlers.idatahandler - WARNING - BTC/USDT:USDT, futures, 4h, data starts at 2021-01-01 00:00:00
2026-09-05 02:57:35,035 - freqtrade.data.history.datahandlers.idatahandler - WARNING - ETH/USDT:USDT, futures, 4h, data starts at 2021-01-01 00:00:00
2026-09-05 02:57:35,064 - freqtrade.data.history.datahandlers.idatahandler - WARNING - SOL/USDT:USDT, futures, 4h, data starts at 2021-01-01 00:00:00
2026-09-05 02:57:35,085 - freqtrade.data.history.datahandlers.idatahandler - WARNING - BNB/USDT:USDT, futures, 4h, data starts at 2021-01-01 00:00:00
2026-09-05 02:57:35,103 - freqtrade.data.history.datahandlers.idatahandler - WARNING - XRP/USDT:USDT, futures, 4h, data starts at 2021-01-01 00:00:00
2026-09-05 02:57:35,119 - freqtrade.data.history.datahandlers.idatahandler - WARNING - DOGE/USDT:USDT, futures, 4h, data starts at 2021-01-01 00:00:00
2026-09-05 02:57:35,172 - freqtrade.data.history.datahandlers.idatahandler - WARNING - ADA/USDT:USDT, futures, 4h, data starts at 2021-01-01 00:00:00
2026-09-05 02:57:35,188 - freqtrade.data.history.datahandlers.idatahandler - WARNING - LINK/USDT:USDT, futures, 4h, data starts at 2021-01-01 00:00:00
2026-09-05 02:57:35,202 - freqtrade.data.history.datahandlers.idatahandler - WARNING - LTC/USDT:USDT, futures, 4h, data starts at 2021-01-01 00:00:00
2026-09-05 02:57:35,228 - freqtrade.data.history.datahandlers.idatahandler - WARNING - BCH/USDT:USDT, futures, 4h, data starts at 2021-01-01 00:00:00
2026-09-05 02:57:35,256 - freqtrade.data.history.datahandlers.idatahandler - WARNING - AVAX/USDT:USDT, futures, 4h, data starts at 2021-01-01 00:00:00
2026-09-05 02:57:35,271 - freqtrade.data.history.datahandlers.idatahandler - WARNING - DOT/USDT:USDT, futures, 4h, data starts at 2021-01-01 00:00:00
2026-09-05 02:57:35,287 - freqtrade.data.history.datahandlers.idatahandler - WARNING - UNI/USDT:USDT, futures, 4h, data starts at 2021-01-01 00:00:00
2026-09-05 02:57:35,303 - freqtrade.data.history.datahandlers.idatahandler - WARNING - ATOM/USDT:USDT, futures, 4h, data starts at 2021-01-01 00:00:00
2026-09-05 02:57:35,318 - freqtrade.data.history.datahandlers.idatahandler - WARNING - NEAR/USDT:USDT, futures, 4h, data starts at 2021-01-01 00:00:00
2026-09-05 02:57:35,333 - freqtrade.data.history.datahandlers.idatahandler - WARNING - FIL/USDT:USDT, futures, 4h, data starts at 2021-01-01 00:00:00
2026-09-05 02:57:35,357 - freqtrade.data.history.datahandlers.idatahandler - WARNING - ETC/USDT:USDT, futures, 4h, data starts at 2021-01-01 00:00:00
2026-09-05 02:57:35,372 - freqtrade.data.history.datahandlers.idatahandler - WARNING - TRX/USDT:USDT, futures, 4h, data starts at 2021-01-01 00:00:00
2026-09-05 02:57:35,389 - freqtrade.data.history.datahandlers.idatahandler - WARNING - XLM/USDT:USDT, futures, 4h, data starts at 2021-01-01 00:00:00
2026-09-05 02:57:35,403 - freqtrade.data.history.datahandlers.idatahandler - WARNING - AAVE/USDT:USDT, futures, 4h, data starts at 2021-01-01 00:00:00
2026-09-05 02:57:35,416 - freqtrade.optimize.backtesting - INFO - Loading data from 2021-01-01 00:00:00 up to 2024-06-30 00:00:00 (1276 days).
2026-09-05 02:57:35,416 - freqtrade.configuration.timerange - WARNING - Moving start-date by 182 candles to account for startup time.
2026-09-05 02:57:37,127 - freqtrade.optimize.backtesting - INFO - Dataload complete. Calculating indicators
2026-09-05 02:57:37,131 - freqtrade.optimize.backtesting - INFO - Running backtesting for Strategy CodexCausalTrend
2026-09-05 02:57:37,131 - freqtrade.strategy.hyper - INFO - Strategy Parameter: entry_band = 1.0
2026-09-05 02:57:37,131 - freqtrade.strategy.hyper - INFO - Strategy Parameter: trend_window = 180
2026-09-05 02:57:37,209 - freqtrade.optimize.backtesting - INFO - Backtesting with data from 2021-01-31 08:00:00 up to 2024-06-30 00:00:00 (1245 days).
backtest ━━━━━━━━━━━━━━━━━━━━━━━━━━━━━━━━━━━━━━━━━━━━━━━━━━━━━━━━━━━━━━━━━━━━━━━━━━━━━━━━━━━━━━━━━━━━━━━━━━━━━━━━━━━━━━━━━━━━━━━━━━━━━━━━━━━━━━━━━━━━━━━━━━━━━━━━━━━━ 4/4       100% • 0:00:02 • 0:00:00
backtest ━━━━━━━━━━━━━━━━━━━━━━━━━━━━━━━━━━━━━━━━━━━━━━━━━━━━━━━━━━━━━━━━━━━━━━━━━━━━━━━━━━━━━━━━━━━━━━━━━━━━━━━━━━━━━━━━━━━━━━━━━━━━━━━━━━━━━━━━━━━━━━━━━━━━━━━━━━━━ 7474/7474 100% • 0:00:54 • 0:00:00
2026-09-05 02:58:31,253 - freqtrade.misc - INFO - dumping json to "/freqtrade/user_data/backtest_results/backtest-result-2026-09-05_02-58-31.meta.json"
Result for strategy CodexCausalTrend
                                                   BACKTESTING REPORT                                                   
┏━━━━━━━━━━━━━━━━┳━━━━━━━━┳━━━━━━━━━━━━━━┳━━━━━━━━━━━━━━━━━┳━━━━━━━━━━━━━━┳━━━━━━━━━━━━━━━━━━━┳━━━━━━━━━━━━━━━━━━━━━━━━┓
┃           Pair ┃ Trades ┃ Avg Profit % ┃ Tot Profit USDT ┃ Tot Profit % ┃      Avg Duration ┃  Win  Draw  Loss  Win% ┃
┡━━━━━━━━━━━━━━━━╇━━━━━━━━╇━━━━━━━━━━━━━━╇━━━━━━━━━━━━━━━━━╇━━━━━━━━━━━━━━╇━━━━━━━━━━━━━━━━━━━╇━━━━━━━━━━━━━━━━━━━━━━━━┩
│ NEAR/USDT:USDT │     91 │         7.26 │        8400.258 │         84.0 │ 12 days, 17:32:00 │   32     0    59  35.2 │
│ AVAX/USDT:USDT │    114 │         4.65 │        7253.551 │        72.54 │  10 days, 4:04:00 │   36     0    78  31.6 │
│  SOL/USDT:USDT │    141 │         5.31 │        6978.702 │        69.79 │  7 days, 23:58:00 │   27     0   114  19.1 │
│  FIL/USDT:USDT │    101 │         7.01 │        4815.966 │        48.16 │  11 days, 8:52:00 │   34     0    67  33.7 │
│ DOGE/USDT:USDT │    114 │         4.89 │        3917.724 │        39.18 │  9 days, 23:16:00 │   37     0    77  32.5 │
│  BNB/USDT:USDT │    118 │         4.74 │        3457.244 │        34.57 │  9 days, 12:22:00 │   27     0    91  22.9 │
│  DOT/USDT:USDT │     98 │         2.32 │        2526.855 │        25.27 │ 11 days, 18:49:00 │   32     0    66  32.7 │
│  ETC/USDT:USDT │    117 │         3.41 │        2095.627 │        20.96 │  9 days, 15:21:00 │   31     0    86  26.5 │
│  BCH/USDT:USDT │    114 │         1.35 │        1858.648 │        18.59 │  10 days, 2:51:00 │   29     0    85  25.4 │
│  UNI/USDT:USDT │    124 │         0.51 │        1772.575 │        17.73 │   9 days, 2:50:00 │   36     0    88  29.0 │
│  ADA/USDT:USDT │    116 │         1.31 │        1745.869 │        17.46 │  9 days, 20:25:00 │   32     0    84  27.6 │
│  BTC/USDT:USDT │    105 │         1.07 │        1599.033 │        15.99 │  11 days, 1:22:00 │   33     0    72  31.4 │
│  ETH/USDT:USDT │     93 │          1.0 │         942.796 │         9.43 │ 12 days, 15:32:00 │   23     0    70  24.7 │
│ ATOM/USDT:USDT │    136 │         0.54 │         517.613 │         5.18 │   8 days, 7:18:00 │   33     0   103  24.3 │
│ LINK/USDT:USDT │    118 │        -0.17 │         289.650 │          2.9 │  9 days, 14:10:00 │   33     0    85  28.0 │
│  XLM/USDT:USDT │    117 │        -0.34 │        -487.528 │        -4.88 │  9 days, 20:39:00 │   33     0    84  28.2 │
│  TRX/USDT:USDT │    135 │        -0.14 │        -660.920 │        -6.61 │   8 days, 9:18:00 │   35     0   100  25.9 │
│ AAVE/USDT:USDT │    122 │        -0.63 │       -1049.721 │        -10.5 │  9 days, 10:26:00 │   34     0    88  27.9 │
│  XRP/USDT:USDT │    129 │        -0.01 │       -1064.865 │       -10.65 │  8 days, 18:46:00 │   30     0    99  23.3 │
│  LTC/USDT:USDT │    122 │        -0.95 │       -2193.821 │       -21.94 │   9 days, 5:40:00 │   24     0    98  19.7 │
│          TOTAL │   2325 │         2.05 │       42715.256 │       427.15 │  9 days, 19:57:00 │  631     0  1694  27.1 │
└────────────────┴────────┴──────────────┴─────────────────┴──────────────┴───────────────────┴────────────────────────┘
                                                LEFT OPEN TRADES REPORT                                                 
┏━━━━━━━━━━━━━━━━┳━━━━━━━━┳━━━━━━━━━━━━━━┳━━━━━━━━━━━━━━━━━┳━━━━━━━━━━━━━━┳━━━━━━━━━━━━━━━━━━━┳━━━━━━━━━━━━━━━━━━━━━━━━┓
┃           Pair ┃ Trades ┃ Avg Profit % ┃ Tot Profit USDT ┃ Tot Profit % ┃      Avg Duration ┃  Win  Draw  Loss  Win% ┃
┡━━━━━━━━━━━━━━━━╇━━━━━━━━╇━━━━━━━━━━━━━━╇━━━━━━━━━━━━━━━━━╇━━━━━━━━━━━━━━╇━━━━━━━━━━━━━━━━━━━╇━━━━━━━━━━━━━━━━━━━━━━━━┩
│ NEAR/USDT:USDT │      1 │        32.68 │         783.205 │         7.83 │  23 days, 0:00:00 │    1     0     0   100 │
│  FIL/USDT:USDT │      1 │        22.83 │         528.513 │         5.29 │ 18 days, 16:00:00 │    1     0     0   100 │
│ ATOM/USDT:USDT │      1 │        18.35 │         425.910 │         4.26 │  22 days, 0:00:00 │    1     0     0   100 │
│ DOGE/USDT:USDT │      1 │        18.12 │         420.492 │          4.2 │  22 days, 0:00:00 │    1     0     0   100 │
│  BCH/USDT:USDT │      1 │        17.93 │         414.611 │         4.15 │ 19 days, 12:00:00 │    1     0     0   100 │
│ AVAX/USDT:USDT │      1 │        17.49 │         404.209 │         4.04 │  22 days, 0:00:00 │    1     0     0   100 │
│  XLM/USDT:USDT │      1 │         16.0 │         392.709 │         3.93 │  31 days, 0:00:00 │    1     0     0   100 │
│ LINK/USDT:USDT │      1 │        15.36 │         355.604 │         3.56 │  21 days, 8:00:00 │    1     0     0   100 │
│  ADA/USDT:USDT │      1 │        14.97 │         347.468 │         3.47 │  22 days, 0:00:00 │    1     0     0   100 │
│  ETC/USDT:USDT │      1 │        14.61 │         339.143 │         3.39 │  22 days, 0:00:00 │    1     0     0   100 │
│  SOL/USDT:USDT │      1 │        12.78 │         295.707 │         2.96 │  21 days, 8:00:00 │    1     0     0   100 │
│  UNI/USDT:USDT │      1 │        12.37 │         243.428 │         2.43 │  8 days, 12:00:00 │    1     0     0   100 │
│  BTC/USDT:USDT │      1 │        10.26 │         236.222 │         2.36 │ 16 days, 16:00:00 │    1     0     0   100 │
│  DOT/USDT:USDT │      1 │         8.72 │         202.289 │         2.02 │  22 days, 0:00:00 │    1     0     0   100 │
│  TRX/USDT:USDT │      1 │         7.49 │         173.162 │         1.73 │ 10 days, 12:00:00 │    1     0     0   100 │
│  LTC/USDT:USDT │      1 │         6.98 │         162.058 │         1.62 │  22 days, 0:00:00 │    1     0     0   100 │
│  ETH/USDT:USDT │      1 │         5.45 │         126.479 │         1.26 │  17 days, 0:00:00 │    1     0     0   100 │
│  BNB/USDT:USDT │      1 │         5.17 │         120.225 │          1.2 │  16 days, 4:00:00 │    1     0     0   100 │
│  XRP/USDT:USDT │      1 │          3.7 │          85.134 │         0.85 │ 11 days, 20:00:00 │    1     0     0   100 │
│ AAVE/USDT:USDT │      1 │         1.08 │          24.605 │         0.25 │    1 day, 8:00:00 │    1     0     0   100 │
│          TOTAL │     20 │        13.12 │        6081.175 │        60.81 │ 18 days, 13:00:00 │   20     0     0   100 │
└────────────────┴────────┴──────────────┴─────────────────┴──────────────┴───────────────────┴────────────────────────┘
                                                  ENTER TAG STATS                                                  
┏━━━━━━━━━━━┳━━━━━━━━━┳━━━━━━━━━━━━━━┳━━━━━━━━━━━━━━━━━┳━━━━━━━━━━━━━━┳━━━━━━━━━━━━━━━━━━┳━━━━━━━━━━━━━━━━━━━━━━━━┓
┃ Enter Tag ┃ Entries ┃ Avg Profit % ┃ Tot Profit USDT ┃ Tot Profit % ┃     Avg Duration ┃  Win  Draw  Loss  Win% ┃
┡━━━━━━━━━━━╇━━━━━━━━━╇━━━━━━━━━━━━━━╇━━━━━━━━━━━━━━━━━╇━━━━━━━━━━━━━━╇━━━━━━━━━━━━━━━━━━╇━━━━━━━━━━━━━━━━━━━━━━━━┩
│     OTHER │    2325 │         2.05 │       42715.256 │       427.15 │ 9 days, 19:57:00 │  631     0  1694  27.1 │
│     TOTAL │    2325 │         2.05 │       42715.256 │       427.15 │ 9 days, 19:57:00 │  631     0  1694  27.1 │
└───────────┴─────────┴──────────────┴─────────────────┴──────────────┴──────────────────┴────────────────────────┘
                                                 EXIT REASON STATS                                                  
┏━━━━━━━━━━━━━┳━━━━━━━┳━━━━━━━━━━━━━━┳━━━━━━━━━━━━━━━━━┳━━━━━━━━━━━━━━┳━━━━━━━━━━━━━━━━━━━┳━━━━━━━━━━━━━━━━━━━━━━━━┓
┃ Exit Reason ┃ Exits ┃ Avg Profit % ┃ Tot Profit USDT ┃ Tot Profit % ┃      Avg Duration ┃  Win  Draw  Loss  Win% ┃
┡━━━━━━━━━━━━━╇━━━━━━━╇━━━━━━━━━━━━━━╇━━━━━━━━━━━━━━━━━╇━━━━━━━━━━━━━━╇━━━━━━━━━━━━━━━━━━━╇━━━━━━━━━━━━━━━━━━━━━━━━┩
│ exit_signal │  1906 │         4.53 │       86969.778 │        869.7 │ 10 days, 23:02:00 │  611     0  1295  32.1 │
│  force_exit │    20 │        13.12 │        6081.175 │        60.81 │ 18 days, 13:00:00 │   20     0     0   100 │
│   stop_loss │   399 │       -10.37 │      -50335.697 │      -503.36 │   4 days, 0:07:00 │    0     0   399     0 │
│       TOTAL │  2325 │         2.05 │       42715.256 │       427.15 │  9 days, 19:57:00 │  631     0  1694  27.1 │
└─────────────┴───────┴──────────────┴─────────────────┴──────────────┴───────────────────┴────────────────────────┘
                                                         MIXED TAG STATS                                                         
┏━━━━━━━━━━━┳━━━━━━━━━━━━━┳━━━━━━━━┳━━━━━━━━━━━━━━┳━━━━━━━━━━━━━━━━━┳━━━━━━━━━━━━━━┳━━━━━━━━━━━━━━━━━━━┳━━━━━━━━━━━━━━━━━━━━━━━━┓
┃ Enter Tag ┃ Exit Reason ┃ Trades ┃ Avg Profit % ┃ Tot Profit USDT ┃ Tot Profit % ┃      Avg Duration ┃  Win  Draw  Loss  Win% ┃
┡━━━━━━━━━━━╇━━━━━━━━━━━━━╇━━━━━━━━╇━━━━━━━━━━━━━━╇━━━━━━━━━━━━━━━━━╇━━━━━━━━━━━━━━╇━━━━━━━━━━━━━━━━━━━╇━━━━━━━━━━━━━━━━━━━━━━━━┩
│           │ exit_signal │   1906 │         4.53 │       86969.778 │        869.7 │ 10 days, 23:02:00 │  611     0  1295  32.1 │
│           │  force_exit │     20 │        13.12 │        6081.175 │        60.81 │ 18 days, 13:00:00 │   20     0     0   100 │
│           │   stop_loss │    399 │       -10.37 │      -50335.697 │      -503.36 │   4 days, 0:07:00 │    0     0   399     0 │
│     TOTAL │             │   2325 │         2.05 │       42715.256 │       427.15 │  9 days, 19:57:00 │  631     0  1694  27.1 │
└───────────┴─────────────┴────────┴──────────────┴─────────────────┴──────────────┴───────────────────┴────────────────────────┘
                                   SUMMARY METRICS                                    
┏━━━━━━━━━━━━━━━━━━━━━━━━━━━━━━━━━━━━━━━━┳━━━━━━━━━━━━━━━━━━━━━━━━━━━━━━━━━━━━━━━━━━━┓
┃ Metric                                 ┃ Value                                     ┃
┡━━━━━━━━━━━━━━━━━━━━━━━━━━━━━━━━━━━━━━━━╇━━━━━━━━━━━━━━━━━━━━━━━━━━━━━━━━━━━━━━━━━━━┩
│ Backtesting from                       │ 2021-01-31 08:00:00                       │
│ Backtesting to                         │ 2024-06-30 00:00:00                       │
│ Trading Mode                           │ Isolated Futures                          │
│ Max open trades                        │ 20                                        │
│                                        │                                           │
│ Total/Daily Avg Trades                 │ 2325 / 1.87                               │
│ Starting balance                       │ 10000 USDT                                │
│ Final balance                          │ 52715.256 USDT                            │
│ Absolute profit                        │ 42715.256 USDT                            │
│ Total profit %                         │ 427.15%                                   │
│ CAGR %                                 │ 62.80%                                    │
│ Sharpe (closed trades)                 │ 2.40                                      │
│ Sortino (closed trades)                │ 12.50                                     │
│ Calmar (closed trades)                 │ 19.93                                     │
│ SQN                                    │ 3.24                                      │
│ Mean profit p-value                    │ 0.001199                                  │
│ Profit factor                          │ 1.35                                      │
│ Expectancy (Ratio)                     │ 18.37 (0.26)                              │
│ Avg. daily profit                      │ 34.309 USDT                               │
│ Avg. stake amount                      │ 1441.352 USDT                             │
│ Market change                          │ 244.26%                                   │
│ Total trade volume                     │ 6753262.744 USDT                          │
│                                        │                                           │
│ Long / Short trades                    │ 1152 / 1173                               │
│ Long / Short profit %                  │ 391.56% / 35.60%                          │
│ Long / Short profit USDT               │ 39155.562 / 3559.693                      │
│                                        │                                           │
│ Best Pair                              │ NEAR/USDT:USDT 84.00%                     │
│ Worst Pair                             │ LTC/USDT:USDT -21.94%                     │
│ Best trade                             │ DOGE/USDT:USDT 504.21%                    │
│ Worst trade                            │ LINK/USDT:USDT -22.62%                    │
│ Best day                               │ 7181.221 USDT                             │
│ Worst day                              │ -1900.573 USDT                            │
│ Days win/draw/lose                     │ 223 / 470 / 554                           │
│ Min/Max/Avg. Duration Winners          │ 0d 04:00 / 101d 04:00 / 26d 02:48         │
│ Min/Max/Avg. Duration Losers           │ 0d 00:00 / 34d 20:00 / 3d 18:22           │
│ Max Consecutive Wins / Loss            │ 20 / 62                                   │
│ Rejected Entry signals                 │ 0                                         │
│ Entry/Exit Timeouts                    │ 0 / 0                                     │
│                                        │                                           │
│ Min/Max balance (closed trades)        │ 9155.033 USDT / 52715.256 USDT            │
│ Max % of account underwater            │ 32.89%                                    │
│ Absolute drawdown                      │ 12922.205 USDT (32.89%)                   │
│ Drawdown duration                      │ 332 days 08:00:00                         │
│ Profit at drawdown start               │ 29288.042 USDT                            │
│ Profit at drawdown end                 │ 16365.837 USDT                            │
│ Drawdown start                         │ 2022-08-19 16:00:00                       │
│ Drawdown end                           │ 2023-07-18 00:00:00                       │
│                                        │                                           │
│ Wallet based Metrics                   │                                           │
│ Min/Max balance (wallet balance)       │ 9155.033 USDT / 51283.083 USDT            │
│ Min/Max balance dates (wallet balance) │ 2021-02-23 16:00:00 / 2024-05-18 12:00:00 │
│ Max % of account underwater (balance)  │ 32.77%                                    │
│ Absolute drawdown (wallet balance)     │ 12876.607 USDT (32.77%)                   │
│ Drawdown duration                      │ 331 days 12:00:00                         │
│ Profit at drawdown start               │ 29288.042 USDT                            │
│ Profit at drawdown end                 │ 16411.435 USDT                            │
│ Drawdown start                         │ 2022-08-19 20:00:00                       │
│ Drawdown end                           │ 2023-07-17 08:00:00                       │
│ Sharpe (daily wallet balance)          │ 1.27                                      │
│ Sortino (daily wallet balance)         │ 4.11                                      │
│ Calmar (daily wallet balance)          │ 17.15                                     │
└────────────────────────────────────────┴───────────────────────────────────────────┘

Backtested 2021-01-31 08:00:00 -> 2024-06-30 00:00:00 | Max open trades : 20
                                                                 STRATEGY SUMMARY                                                                 
┏━━━━━━━━━━━━━━━━━━┳━━━━━━━━┳━━━━━━━━━━━━━━┳━━━━━━━━━━━━━━━━━┳━━━━━━━━━━━━━━┳━━━━━━━━━━━━━━━━━━┳━━━━━━━━━━━━━━━━━━━━━━━━┳━━━━━━━━━━━━━━━━━━━━━━━━┓
┃         Strategy ┃ Trades ┃ Avg Profit % ┃ Tot Profit USDT ┃ Tot Profit % ┃     Avg Duration ┃  Win  Draw  Loss  Win% ┃               Drawdown ┃
┡━━━━━━━━━━━━━━━━━━╇━━━━━━━━╇━━━━━━━━━━━━━━╇━━━━━━━━━━━━━━━━━╇━━━━━━━━━━━━━━╇━━━━━━━━━━━━━━━━━━╇━━━━━━━━━━━━━━━━━━━━━━━━╇━━━━━━━━━━━━━━━━━━━━━━━━┩
│ CodexCausalTrend │   2325 │         2.05 │       42715.256 │       427.15 │ 9 days, 19:57:00 │  631     0  1694  27.1 │ 12922.205 USDT  32.89% │
└──────────────────┴────────┴──────────────┴─────────────────┴──────────────┴──────────────────┴────────────────────────┴────────────────────────┘
